auditando 1243 lugares · 6 overrides · caché 1523
  10/1243 · 1.0s/fila · faltan ~21 min
  20/1243 · 1.1s/fila · faltan ~23 min
  30/1243 · 1.2s/fila · faltan ~24 min
  40/1243 · 1.2s/fila · faltan ~23 min
  50/1243 · 1.2s/fila · faltan ~23 min
  60/1243 · 1.1s/fila · faltan ~23 min
  70/1243 · 1.1s/fila · faltan ~22 min
  80/1243 · 1.1s/fila · faltan ~22 min
  90/1243 · 1.1s/fila · faltan ~22 min
  100/1243 · 1.1s/fila · faltan ~22 min
  110/1243 · 1.1s/fila · faltan ~21 min
  120/1243 · 1.1s/fila · faltan ~21 min
  130/1243 · 1.1s/fila · faltan ~21 min
  140/1243 · 1.2s/fila · faltan ~22 min
  150/1243 · 1.2s/fila · faltan ~22 min
  160/1243 · 1.2s/fila · faltan ~22 min
  170/1243 · 1.2s/fila · faltan ~21 min
  180/1243 · 1.2s/fila · faltan ~21 min
  190/1243 · 1.3s/fila · faltan ~23 min
  200/1243 · 1.4s/fila · faltan ~24 min
  210/1243 · 1.5s/fila · faltan ~25 min
  220/1243 · 1.6s/fila · faltan ~27 min
  230/1243 · 1.6s/fila · faltan ~27 min
  240/1243 · 1.7s/fila · faltan ~28 min
  250/1243 · 1.7s/fila · faltan ~28 min
  260/1243 · 1.8s/fila · faltan ~29 min
  270/1243 · 1.8s/fila · faltan ~30 min
  280/1243 · 1.9s/fila · faltan ~31 min
  290/1243 · 1.9s/fila · faltan ~31 min
  300/1243 · 2.0s/fila · faltan ~31 min
  310/1243 · 2.0s/fila · faltan ~31 min
  320/1243 · 2.1s/fila · faltan ~32 min
  330/1243 · 2.1s/fila · faltan ~32 min
  340/1243 · 2.2s/fila · faltan ~33 min
  350/1243 · 2.3s/fila · faltan ~34 min
  360/1243 · 2.3s/fila · faltan ~34 min
  370/1243 · 2.3s/fila · faltan ~34 min
  380/1243 · 2.4s/fila · faltan ~35 min
  390/1243 · 2.5s/fila · faltan ~35 min
  400/1243 · 2.5s/fila · faltan ~35 min
  410/1243 · 2.5s/fila · faltan ~35 min
  420/1243 · 2.5s/fila · faltan ~35 min
  430/1243 · 2.5s/fila · faltan ~35 min
  440/1243 · 2.6s/fila · faltan ~34 min
  450/1243 · 2.6s/fila · faltan ~34 min
  460/1243 · 2.6s/fila · faltan ~34 min
  470/1243 · 2.6s/fila · faltan ~34 min
  480/1243 · 2.7s/fila · faltan ~34 min
  490/1243 · 2.7s/fila · faltan ~34 min
  500/1243 · 2.7s/fila · faltan ~33 min
  510/1243 · 2.7s/fila · faltan ~33 min
  520/1243 · 2.7s/fila · faltan ~33 min
  530/1243 · 2.7s/fila · faltan ~33 min
  540/1243 · 2.8s/fila · faltan ~32 min
  550/1243 · 2.8s/fila · faltan ~32 min
  560/1243 · 2.8s/fila · faltan ~32 min
  570/1243 · 2.8s/fila · faltan ~31 min
  580/1243 · 2.8s/fila · faltan ~31 min
  590/1243 · 2.8s/fila · faltan ~31 min
  600/1243 · 2.8s/fila · faltan ~30 min
  610/1243 · 2.8s/fila · faltan ~30 min
  620/1243 · 2.9s/fila · faltan ~30 min
  630/1243 · 2.9s/fila · faltan ~29 min
  640/1243 · 2.9s/fila · faltan ~29 min
  650/1243 · 2.9s/fila · faltan ~28 min
  660/1243 · 2.9s/fila · faltan ~28 min
  670/1243 · 2.9s/fila · faltan ~28 min
  680/1243 · 2.9s/fila · faltan ~27 min
  690/1243 · 2.9s/fila · faltan ~27 min
  700/1243 · 2.9s/fila · faltan ~26 min
  710/1243 · 2.9s/fila · faltan ~26 min
  720/1243 · 3.0s/fila · faltan ~26 min
  730/1243 · 2.9s/fila · faltan ~25 min
  740/1243 · 2.9s/fila · faltan ~25 min
  750/1243 · 2.9s/fila · faltan ~24 min
  760/1243 · 3.0s/fila · faltan ~24 min
  770/1243 · 3.0s/fila · faltan ~23 min
  780/1243 · 2.9s/fila · faltan ~23 min
  790/1243 · 2.9s/fila · faltan ~22 min
  800/1243 · 2.9s/fila · faltan ~22 min
  810/1243 · 2.9s/fila · faltan ~21 min
  820/1243 · 2.9s/fila · faltan ~21 min
  830/1243 · 3.0s/fila · faltan ~20 min
  840/1243 · 3.0s/fila · faltan ~20 min
  850/1243 · 3.0s/fila · faltan ~19 min
  860/1243 · 3.0s/fila · faltan ~19 min
  870/1243 · 3.0s/fila · faltan ~18 min
  880/1243 · 3.0s/fila · faltan ~18 min
  890/1243 · 3.0s/fila · faltan ~18 min
  900/1243 · 3.0s/fila · faltan ~17 min
  910/1243 · 3.0s/fila · faltan ~17 min
  920/1243 · 3.0s/fila · faltan ~16 min
  930/1243 · 3.0s/fila · faltan ~16 min
  940/1243 · 3.0s/fila · faltan ~15 min
  950/1243 · 3.0s/fila · faltan ~15 min
  960/1243 · 3.0s/fila · faltan ~14 min
  970/1243 · 3.0s/fila · faltan ~14 min
  980/1243 · 3.0s/fila · faltan ~13 min
  990/1243 · 3.0s/fila · faltan ~13 min
  1000/1243 · 3.0s/fila · faltan ~12 min
  1010/1243 · 3.0s/fila · faltan ~12 min
  1020/1243 · 3.1s/fila · faltan ~11 min
  1030/1243 · 3.1s/fila · faltan ~11 min
  1040/1243 · 3.1s/fila · faltan ~10 min
  1050/1243 · 3.1s/fila · faltan ~10 min
  1060/1243 · 3.1s/fila · faltan ~9 min
  1070/1243 · 3.1s/fila · faltan ~9 min
  1080/1243 · 3.1s/fila · faltan ~8 min
  1090/1243 · 3.1s/fila · faltan ~8 min
  1100/1243 · 3.1s/fila · faltan ~7 min
  1110/1243 · 3.1s/fila · faltan ~7 min
  1120/1243 · 3.1s/fila · faltan ~6 min
  1130/1243 · 3.1s/fila · faltan ~6 min
  1140/1243 · 3.1s/fila · faltan ~5 min
  1150/1243 · 3.1s/fila · faltan ~5 min
  1160/1243 · 3.1s/fila · faltan ~4 min
  1170/1243 · 3.1s/fila · faltan ~4 min
  1180/1243 · 3.1s/fila · faltan ~3 min
  1190/1243 · 3.1s/fila · faltan ~3 min
  1200/1243 · 3.1s/fila · faltan ~2 min
  1210/1243 · 3.1s/fila · faltan ~2 min
  1220/1243 · 3.1s/fila · faltan ~1 min
  1230/1243 · 3.1s/fila · faltan ~1 min
  1240/1243 · 3.1s/fila · faltan ~0 min

veredictos sobre 1243:
  verificado        1091  (87%)
  revisar            123  (9%)
  no_verificable      29  (2%)
  [revisar] Londres / Harry Potter Studio Tour · dist=m tol=300m · s1= s2=-1 s3=1 s4=-1 · Watford
  [revisar] Highlands / Nevis Range Gondola · dist=0m tol=300m · s1=1 s2=-1 s3=1 s4=1 · Highland
  [revisar] Highlands / Buachaille Etive Mòr · dist=0m tol=2500m · s1=1 s2=-1 s3=1 s4=1 · Highland
  [revisar] Highlands / Loch Lomond · dist=0m tol=2500m · s1=1 s2=-1 s3=1 s4=1 · Stirling
  [revisar] Highlands / Old Man of Storr · dist=37m tol=3000m · s1=1 s2=-1 s3=1 s4=1 · Highland
  [revisar] Highlands / Fairy Glen · dist=0m tol=2500m · s1=1 s2=-1 s3=1 s4=1 · Ùige
  [revisar] Highlands / Culloden Battlefield · dist=0m tol=200m · s1=1 s2=-1 s3=1 s4=1 · Newlands of Culloden
  [revisar] Highlands / Fort George · dist=0m tol=200m · s1=1 s2=-1 s3=1 s4=1 · Ardersier
  [revisar] Highlands / Cawdor Castle · dist=0m tol=250m · s1=1 s2=-1 s3=1 s4=1 · Cawdor
  [revisar] Highlands / Glen Affric · dist=0m tol=2500m · s1=1 s2=-1 s3=1 s4=1 · Highland
  [revisar] Highlands / Blair Castle · dist=0m tol=250m · s1=1 s2=-1 s3=1 s4=1 · Blair Atholl
  [revisar] Highlands / The Kelpies · dist=0m tol=150m · s1=1 s2=-1 s3=1 s4=1 · Falkirk
  [revisar] Ámsterdam / Dampkring · dist=1381m tol=120m · s1=-1 s2=1 s3=1 s4=1 · Amsterdam
  [revisar] Ámsterdam / Gollem · dist=1895m tol=120m · s1=-1 s2=1 s3=1 s4=1 · Amsterdam
  [revisar] Ámsterdam / A'DAM Lookout · dist=1827m tol=150m · s1=-1 s2=0 s3=-1 s4=1 · Amsterdam
  [revisar] Colmar / Barrio des Juifs · dist=4545m tol=1500m · s1=-1 s2=0 s3=1 s4=1 · Colmar
  [revisar] Colmar / Ribeauvillé · dist=12583m tol=6000m · s1=0 s2=1 s3=1 s4=-1 · Ribeauvillé
  [revisar] Colmar / Château du Haut-Koenigsbourg · dist=m tol=250m · s1= s2=-1 s3=1 s4=-1 · Orschwiller
  [revisar] Estrasburgo / Barrage Vauban + Ponts Couverts · dist=0m tol=1500m · s1=1 s2=0 s3=-1 s4=1 · Strasbourg
  [revisar] París / Musée d'Orsay · dist=9m tol=150m · s1=1 s2=0 s3=-1 s4=1 · Paris
  [revisar] París / Fondation Louis Vuitton · dist=2481m tol=150m · s1=-1 s2=0 s3=1 s4=1 · Paris
  [revisar] París / Île aux Cygnes · dist=458m tol=600m · s1=1 s2=0 s3=-1 s4=1 · Paris
  [revisar] París / Marchés aux Puces de Saint-Ouen · dist=191m tol=300m · s1=1 s2=-1 s3=-1 s4=1 · Saint-Ouen-sur-Seine
  [revisar] Londres / Monument to the Great Fire · dist=7m tol=200m · s1=1 s2=0 s3=-1 s4=1 · City of London
  [revisar] Londres / House of MinaLima · dist=15662m tol=300m · s1=-1 s2=0 s3=1 s4=1 · City of Westminster
  [revisar] York / City Walls · dist=293m tol=200m · s1=0 s2=0 s3=-1 s4=1 · York
  [revisar] Highlands / Glen Nevis & Steall Falls · dist=0m tol=3000m · s1=1 s2=-1 s3=1 s4=1 · Highland
  [revisar] Highlands / Glencoe Valley (Three Sisters) · dist=548m tol=2500m · s1=1 s2=-1 s3=-1 s4=1 · Highland
  [revisar] Highlands / Mallaig + Silver Sands of Morar · dist=m tol=500m · s1= s2=-1 s3=-1 s4=1 · Mòrar
  [revisar] Highlands / Lealt Falls · dist=0m tol=2000m · s1=1 s2=-1 s3=1 s4=1 · Highland
  [revisar] Highlands / Coral Beach · dist=0m tol=500m · s1=1 s2=-1 s3=1 s4=1 · Highland
  [revisar] Highlands / Talisker Bay · dist=0m tol=500m · s1=1 s2=-1 s3=1 s4=1 · Highland
  [revisar] Highlands / Dores Beach · dist=0m tol=500m · s1=1 s2=-1 s3=1 s4=1 · Dores
  [revisar] Highlands / Falls of Foyers · dist=0m tol=2000m · s1=1 s2=-1 s3=1 s4=1 · Foyers
  [revisar] Highlands / Rogie Falls · dist=0m tol=2000m · s1=1 s2=-1 s3=1 s4=1 · Garve
  [revisar] Ámsterdam / Barney's · dist=1809m tol=120m · s1=-1 s2=0 s3=1 s4=1 · Amsterdam
  [revisar] Colmar / Fontaine Roesselmann · dist=171m tol=1500m · s1=1 s2=0 s3=-1 s4=1 · Colmar
  [revisar] Estrasburgo / Reloj Astronómico · dist=4m tol=150m · s1=1 s2=0 s3=-1 s4=1 · Strasbourg
  [revisar] Estrasburgo / Fort Poligone · dist=10892m tol=250m · s1=-1 s2=0 s3=-1 s4=1 · Ostwald
  [revisar] Estrasburgo / Neustadt · dist=309m tol=1500m · s1=1 s2=0 s3=-1 s4=1 · Strasbourg
  [revisar] Estrasburgo / Barrio Europeo · dist=57m tol=1500m · s1=1 s2=0 s3=-1 s4=1 · Strasbourg
  [revisar] Estrasburgo / Parlamento Europeo · dist=57m tol=200m · s1=1 s2=0 s3=-1 s4=1 · Strasbourg
  [revisar] París / Petit Palais · dist=126m tol=150m · s1=1 s2=0 s3=-1 s4=1 · Paris
  [revisar] París / Le Marais (3ème/4ème) · dist=426m tol=1500m · s1=1 s2=0 s3=-1 s4=1 · Paris
  [revisar] Friburgo / Wutachschlucht · dist=m tol=3000m · s1= s2=-1 s3=1 s4=-1 · Löffingen
  [revisar] Friburgo / Feldberg + Feldsee · dist=m tol=3000m · s1= s2=1 s3=1 s4=-1 · Feldberg (Ort)
  [revisar] Friburgo / Triberg · dist=m tol=2000m · s1= s2=-1 s3=1 s4=-1 · Triberg (Kernstadt)
  [revisar] Friburgo / Titisee · dist=m tol=3000m · s1= s2=1 s3=1 s4=-1 · Titisee
  [revisar] Friburgo / Schluchsee · dist=m tol=3000m · s1= s2=1 s3=1 s4=-1 · Schluchsee (Ort)
  [revisar] Friburgo / Staufen im Breisgau · dist=373m tol=6000m · s1=1 s2=1 s3=1 s4=-1 · Staufen (Kernstadt)
  [revisar] Friburgo / Breisach am Rhein · dist=m tol=6000m · s1= s2=1 s3=1 s4=-1 · Breisach am Rhein
  [revisar] Grindelwald / First (Cliff Walk) · dist=5667m tol=300m · s1=-1 s2=0 s3=1 s4=1 · Grindelwald
  [revisar] Grindelwald / Männlichen · dist=888m tol=150m · s1=-1 s2=0 s3=1 s4=1 · Grindelwald
  [revisar] Interlaken / Oeschinensee · dist=m tol=3000m · s1= s2=-1 s3=1 s4=-1 · Kandersteg
  [revisar] Innsbruck / Patscherkofel + Zirbenweg · dist=781m tol=300m · s1=0 s2=0 s3=-1 s4=1 · Patsch
  [revisar] Innsbruck / Swarovski Kristallwelten (Wattens) · dist=892m tol=150m · s1=-1 s2=0 s3=-1 s4=1 · Wattens
  [revisar] Viena / Schönbrunn — jardines y Gloriette · dist=6258m tol=600m · s1=-1 s2=1 s3=-1 s4=1 · Wien
  [revisar] Viena / Naschmarkt · dist=347m tol=300m · s1=0 s2=1 s3=-1 s4=1 · Wien
  [revisar] Viena / MQ Libelle (MuseumsQuartier) · dist=99m tol=150m · s1=1 s2=0 s3=-1 s4=1 · Wien
  [revisar] Viena / Augarten (2º) · dist=1932m tol=150m · s1=-1 s2=1 s3=1 s4=1 · Wien
  [revisar] Praga / Castillo de Praga (Hradčany) · dist=758m tol=200m · s1=-1 s2=0 s3=1 s4=1 · Praha
  [revisar] Praga / Reloj Astronómico (Orloj) · dist=7m tol=200m · s1=1 s2=0 s3=-1 s4=1 · Praha
  [revisar] Praga / Colina Petřín · dist=216m tol=200m · s1=0 s2=0 s3=-1 s4=1 · Praha
  [revisar] Praga / Lokál · dist=1287m tol=300m · s1=-1 s2=0 s3=-1 s4=1 · Praha
  [revisar] Praga / Prague Beer Museum · dist=1981m tol=150m · s1=-1 s2=1 s3=1 s4=1 · Praha
  [revisar] Praga / U Fleků · dist=75m tol=300m · s1=1 s2=0 s3=-1 s4=1 · Praha
  [revisar] Praga / Zly Casy · dist=705m tol=300m · s1=0 s2=0 s3=-1 s4=1 · Praha
  [revisar] Praga / Riegrovy Sady beer garden (Vinohrady) · dist=127m tol=300m · s1=1 s2=0 s3=-1 s4=1 · Praha
  [revisar] Cracovia / Castillo Wawel · dist=94m tol=200m · s1=1 s2=0 s3=-1 s4=1 · Kraków
  [revisar] Cracovia / Mina de Sal de Wieliczka · dist=1032m tol=200m · s1=-1 s2=-1 s3=1 s4=1 · Wieliczka
  [revisar] Cracovia / Auschwitz-Birkenau · dist=m tol=200m · s1= s2=-1 s3=1 s4=-1 · Oświęcim
  [revisar] Cracovia / Fábrica de Schindler (Muzeum Krakowa) · dist=929m tol=200m · s1=-1 s2=0 s3=1 s4=1 · Kraków
  [revisar] Cracovia / Fábrica de Schindler · dist=2551m tol=300m · s1=-1 s2=0 s3=1 s4=1 · Kraków
  [revisar] Cracovia / Arka Pana (Iglesia del Arca) · dist=7471m tol=150m · s1=-1 s2=0 s3=1 s4=1 · Kraków
  [revisar] Cracovia / Kościół Mariacki (Basílica de Santa María) · dist=5397m tol=150m · s1=-1 s2=0 s3=1 s4=1 · Kraków
  [revisar] Budapest / Parlamento (Országház) · dist=3031m tol=200m · s1=-1 s2=0 s3=1 s4=1 · Budapest
  [revisar] Budapest / Ellátó Kert · dist=129m tol=120m · s1=0 s2=0 s3=-1 s4=1 · Budapest
  [revisar] Budapest / Gólya (Corvin köz) · dist=1568m tol=120m · s1=-1 s2=0 s3=-1 s4=1 · Budapest
  [revisar] Budapest / Auróra · dist=445m tol=120m · s1=-1 s2=0 s3=1 s4=1 · Budapest
  [revisar] Budapest / Óbuda · dist=3443m tol=150m · s1=-1 s2=1 s3=1 s4=1 · Budapest
  [revisar] Budapest / Lukács · dist=5m tol=150m · s1=1 s2=0 s3=-1 s4=1 · Budapest
  [revisar] Budapest / Király · dist=412m tol=150m · s1=0 s2=0 s3=-1 s4=1 · Budapest
  [revisar] Friburgo / Campus Universidad · dist=898m tol=300m · s1=0 s2=0 s3=-1 s4=1 · Freiburg im Breisgau
  [revisar] Friburgo / Simonswälder Tal · dist=m tol=3000m · s1= s2=1 s3=-1 s4=-1 · Simonswald
  [revisar] Interlaken / Berna · dist=42165m tol=7000m · s1=-1 s2=1 s3=-1 s4=-1 · Bern
  [revisar] Lauterbrunnen / Birg (Thrill Walk) · dist=989m tol=150m · s1=-1 s2=0 s3=-1 s4=1 · Gimmelwald
  [revisar] Lucerna / Paseo del lago · dist=15807m tol=2000m · s1=-1 s2=0 s3=-1 s4=1 · Luzern
  [revisar] Lucerna / Monte Pilatus · dist=11093m tol=3000m · s1=-1 s2=-1 s3=-1 s4=1 · Hergiswil (NW)
  [revisar] Innsbruck / Arco del Triunfo (Triumphpforte) · dist=242m tol=200m · s1=0 s2=0 s3=-1 s4=1 · Innsbruck
  [revisar] Innsbruck / Mariahilfstrasse · dist=282m tol=300m · s1=1 s2=0 s3=-1 s4=1 · Innsbruck
  [revisar] Viena / Prater verde (Hauptallee) · dist=2479m tol=600m · s1=-1 s2=0 s3=-1 s4=1 · Wien
  [revisar] Cracovia / Avenida Solidarności · dist=482m tol=300m · s1=0 s2=0 s3=-1 s4=1 · Kraków
  [revisar] Cracovia / MOCAK · dist=45m tol=200m · s1=1 s2=0 s3=-1 s4=1 · Kraków
  [revisar] Budapest / Basílica de San Esteban (Szent István-bazilika) · dist=14m tol=150m · s1=1 s2=0 s3=-1 s4=1 · Budapest
  [revisar] Budapest / Ruinas del Anfiteatro Romano (Aquincum) · dist=8234m tol=150m · s1=-1 s2=1 s3=1 s4=1 · Budapest
  [revisar] Lagos Alpinos / Slap Savica (cascada Savica) · dist=6348m tol=3000m · s1=0 s2=-1 s3=1 s4=1 · Ribčev Laz
  [revisar] Lagos Alpinos / Vintgar Gorge · dist=0m tol=300m · s1=1 s2=-1 s3=1 s4=1 · Blejska Dobrava
  [revisar] Lagos Alpinos / Kranjska Gora + Vršič · dist=41881m tol=300m · s1=-1 s2=0 s3=1 s4=1 · Gozd Martuljek
  [revisar] Karst y Cuevas / Vilenica · dist=2306m tol=300m · s1=-1 s2=1 s3=1 s4=1 · Lokev
  [revisar] Costa Eslovena / Parenzana (a pie o bici) · dist=0m tol=2000m · s1=1 s2=-1 s3=1 s4=1 · Seča / Sezza
  [revisar] Costa Eslovena / Punta de Piran + faro · dist=3221m tol=300m · s1=-1 s2=1 s3=1 s4=1 · Piran / Pirano
  [revisar] Karst y Cuevas / Štanjel · dist=m tol=300m · s1= s2=1 s3=1 s4=-1 · Kobdilj
  [revisar] Karst y Cuevas / Lipica + Škocjan combinados · dist=m tol=300m · s1= s2=-1 s3=1 s4=-1 · Vodice
  [revisar] Costa Eslovena / Miramare Castle · dist=m tol=300m · s1= s2=1 s3=1 s4=-1 · Trieste
  [revisar] Lisboa / Convento do Carmo · dist=27858m tol=200m · s1=-1 s2=0 s3=1 s4=-1 · Colares
  [revisar] Lisboa / Sintra · dist=6089m tol=3000m · s1=0 s2=1 s3=1 s4=-1 · Terrugem
  [revisar] Lisboa / Cascais · dist=21334m tol=3000m · s1=-1 s2=1 s3=1 s4=-1 · Cascais
  [revisar] Porto / Palácio da Bolsa · dist=0m tol=200m · s1=1 s2=0 s3=-1 s4=1 · Porto
  [revisar] Lisboa / Miradouro da Senhora do Monte · dist=32m tol=150m · s1=1 s2=0 s3=-1 s4=1 · Lisboa
  [revisar] Florencia / Mercado Central (San Lorenzo) · dist=11386m tol=300m · s1=-1 s2=1 s3=1 s4=1 · Campi Bisenzio
  [revisar] Florencia / Palazzo Vecchio (Museo Cívico) · dist=1092m tol=150m · s1=-1 s2=0 s3=1 s4=1 · Firenze
  [revisar] Roma / Via Appia Antica · dist=914m tol=300m · s1=-1 s2=1 s3=1 s4=1 · Roma
  [revisar] Barcelona / Eixample · dist=15069m tol=1500m · s1=-1 s2=1 s3=1 s4=1 · Alella
  [revisar] Barcelona / Montjuïc completo (día entero) · dist=967m tol=300m · s1=-1 s2=1 s3=1 s4=1 · Barcelona
  [revisar] Roma / Catacumbas de la Vía Appia · dist=1498m tol=300m · s1=-1 s2=1 s3=1 s4=1 · Roma
  [revisar] Ostuni / Alberobello · dist=m tol=6000m · s1= s2=1 s3=1 s4=-1 · Alberobello
  [revisar] Palermo / Bagni arabi di Cefalà Diana · dist=m tol=300m · s1= s2=1 s3=1 s4=-1 · Cefalà Diana
  [revisar] Lagos Alpinos / Teleférico de Vogel · dist=12914m tol=300m · s1=-1 s2=0 s3=1 s4=1 · Ukanc
  [revisar] Ámsterdam / Oude Kerk · dist=900m tol=150m · s1=-1 s2=0 s3=1 s4=1 · Amsterdam
  [revisar] Ámsterdam / Nieuwe Kerk · dist=1190m tol=150m · s1=-1 s2=1 s3=1 s4=1 · Amsterdam
  [revisar] Cracovia / Podgórze · dist=15084m tol=1500m · s1=-1 s2=1 s3=1 s4=1 · Luborzyca
  [revisar] Budapest / Barrio Judío de Budapest · dist=18379m tol=1500m · s1=-1 s2=1 s3=1 s4=1 · Érd
  [revisar] Highlands / Cairngorm Mountain Gondola · dist=11917m tol=300m · s1=-1 s2=0 s3=1 s4=1 · Aviemore
